../Core/Src/main.c:71:6:HAL_CAN_RxFifo0MsgPendingCallback	16	static
../Core/Src/main.c:91:5:main	48	static
../Core/Src/main.c:173:6:SystemClock_Config	72	static
../Core/Src/main.c:210:13:MX_CAN_Init	8	static
../Core/Src/main.c:247:13:MX_GPIO_Init	40	static
../Core/Src/main.c:311:6:CANFilterConfig	48	static
../Core/Src/main.c:367:5:toggle	16	static
../Core/Src/main.c:372:6:enableCANRx	4	static
../Core/Src/main.c:377:6:disableCANRx	4	static
../Core/Src/main.c:387:6:Error_Handler	4	static,ignoring_inline_asm
